D:\±èÇüÂù\1project_ai_tensorflow_collect\4todolist_nodejs\Todolist\src\main\java\com\todolist\server\domain\AppConfig.java
D:\±èÇüÂù\1project_ai_tensorflow_collect\4todolist_nodejs\Todolist\src\main\java\com\todolist\server\domain\Members.java
D:\±èÇüÂù\1project_ai_tensorflow_collect\4todolist_nodejs\Todolist\src\main\java\com\todolist\server\persistence\MemberRepository.java
D:\±èÇüÂù\1project_ai_tensorflow_collect\4todolist_nodejs\Todolist\src\main\java\com\todolist\server\persistence\TodolistRepository.java
D:\±èÇüÂù\1project_ai_tensorflow_collect\4todolist_nodejs\Todolist\src\main\java\com\todolist\server\domain\CorsConfig.java
D:\±èÇüÂù\1project_ai_tensorflow_collect\4todolist_nodejs\Todolist\src\main\java\com\todolist\server\persistence\ImageLoadRepository.java
D:\±èÇüÂù\1project_ai_tensorflow_collect\4todolist_nodejs\Todolist\src\main\java\com\todolist\server\controller\TodolistController.java
D:\±èÇüÂù\1project_ai_tensorflow_collect\4todolist_nodejs\Todolist\src\main\java\com\todolist\server\domain\ImageLoad.java
D:\±èÇüÂù\1project_ai_tensorflow_collect\4todolist_nodejs\Todolist\src\main\java\com\todolist\server\domain\Todolist.java
D:\±èÇüÂù\1project_ai_tensorflow_collect\4todolist_nodejs\Todolist\src\main\java\com\todolist\server\TodolistApplication.java
D:\±èÇüÂù\1project_ai_tensorflow_collect\4todolist_nodejs\Todolist\src\main\java\com\todolist\server\service\TodoService.java
